[2026-09-27 10:25:11] production.ERROR: Class "App\Http\Controllers\Controller" not found {"exception":"[object] (Error(code: 0): Class \"App\\Http\\Controllers\\Controller\" not found at C:/Users/Regis D/Desktop/Beauty-Aesthetic-Appointment-System/app/Http/Controllers/HomeController.php:7)
[stacktrace]
#0 C:/Users/Regis D/Desktop/Beauty-Aesthetic-Appointment-System/vendor/composer/ClassLoader.php(576): include()
#1 C:/Users/Regis D/Desktop/Beauty-Aesthetic-Appointment-System/vendor/composer/ClassLoader.php(427): {closure:Composer/Autoload/ClassLoader::initializeIncludeClosure():575}()
#2 [internal function]: Composer/Autoload/ClassLoader->loadClass()
#3 C:/Users/Regis D/Desktop/Beauty-Aesthetic-Appointment-System/vendor/laravel/framework/src/Illuminate/Routing/Route.php(1182): ReflectionClass->__construct()
#4 C:/Users/Regis D/Desktop/Beauty-Aesthetic-Appointment-System/vendor/laravel/framework/src/Illuminate/Routing/Route.php(1132): Illuminate/Routing/Route->attributeProvidedControllerMiddleware()
#5 C:/Users/Regis D/Desktop/Beauty-Aesthetic-Appointment-System/vendor/laravel/framework/src/Illuminate/Routing/Route.php(1069): Illuminate/Routing/Route->controllerMiddleware()
#6 C:/Users/Regis D/Desktop/Beauty-Aesthetic-Appointment-System/vendor/laravel/framework/src/Illuminate/Routing/Router.php(834): Illuminate/Routing/Route->gatherMiddleware()
#7 C:/Users/Regis D/Desktop/Beauty-Aesthetic-Appointment-System/vendor/laravel/framework/src/Illuminate/Routing/Router.php(816): Illuminate/Routing/Router->gatherRouteMiddleware()
#8 C:/Users/Regis D/Desktop/Beauty-Aesthetic-Appointment-System/vendor/laravel/framework/src/Illuminate/Routing/Router.php(800): Illuminate/Routing/Router->runRouteWithinStack()
#9 C:/Users/Regis D/Desktop/Beauty-Aesthetic-Appointment-System/vendor/laravel/framework/src/Illuminate/Routing/Router.php(764): Illuminate/Routing/Router->runRoute()
#10 C:/Users/Regis D/Desktop/Beauty-Aesthetic-Appointment-System/vendor/laravel/framework/src/Illuminate/Routing/Router.php(753): Illuminate/Routing/Router->dispatchToRoute()
#11 C:/Users/Regis D/Desktop/Beauty-Aesthetic-Appointment-System/vendor/laravel/framework/src/Illuminate/Foundation/Http/Kernel.php(200): Illuminate/Routing/Router->dispatch()
#12 C:/Users/Regis D/Desktop/Beauty-Aesthetic-Appointment-System/vendor/laravel/framework/src/Illuminate/Pipeline/Pipeline.php(180): Illuminate/Foundation/Http/Kernel->{closure:Illuminate/Foundation/Http/Kernel::dispatchToRouter():197}()
#13 C:/Users/Regis D/Desktop/Beauty-Aesthetic-Appointment-System/vendor/laravel/framework/src/Illuminate/Foundation/Http/Middleware/TransformsRequest.php(21): Illuminate/Pipeline/Pipeline->{closure:Illuminate/Pipeline/Pipeline::prepareDestination():178}()
#14 C:/Users/Regis D/Desktop/Beauty-Aesthetic-Appointment-System/vendor/laravel/framework/src/Illuminate/Foundation/Http/Middleware/ConvertEmptyStringsToNull.php(31): Illuminate/Foundation/Http/Middleware/TransformsRequest->handle()
#15 C:/Users/Regis D/Desktop/Beauty-Aesthetic-Appointment-System/vendor/laravel/framework/src/Illuminate/Pipeline/Pipeline.php(219): Illuminate/Foundation/Http/Middleware/ConvertEmptyStringsToNull->handle()
#16 C:/Users/Regis D/Desktop/Beauty-Aesthetic-Appointment-System/vendor/laravel/framework/src/Illuminate/Foundation/Http/Middleware/TransformsRequest.php(21): Illuminate/Pipeline/Pipeline->{closure:{closure:Illuminate/Pipeline/Pipeline::carry():194}:195}()
#17 C:/Users/Regis D/Desktop/Beauty-Aesthetic-Appointment-System/vendor/laravel/framework/src/Illuminate/Foundation/Http/Middleware/TrimStrings.php(51): Illuminate/Foundation/Http/Middleware/TransformsRequest->handle()
#18 C:/Users/Regis D/Desktop/Beauty-Aesthetic-Appointment-System/vendor/laravel/framework/src/Illuminate/Pipeline/Pipeline.php(219): Illuminate/Foundation/Http/Middleware/TrimStrings->handle()
#19 C:/Users/Regis D/Desktop/Beauty-Aesthetic-Appointment-System/vendor/laravel/framework/src/Illuminate/Http/Middleware/ValidatePostSize.php(27): Illuminate/Pipeline/Pipeline->{closure:{closure:Illuminate/Pipeline/Pipeline::carry():194}:195}()
#20 C:/Users/Regis D/Desktop/Beauty-Aesthetic-Appointment-System/vendor/laravel/framework/src/Illuminate/Pipeline/Pipeline.php(219): Illuminate/Http/Middleware/ValidatePostSize->handle()
#21 C:/Users/Regis D/Desktop/Beauty-Aesthetic-Appointment-System/vendor/laravel/framework/src/Illuminate/Foundation/Http/Middleware/PreventRequestsDuringMaintenance.php(110): Illuminate/Pipeline/Pipeline->{closure:{closure:Illuminate/Pipeline/Pipeline::carry():194}:195}()
#22 C:/Users/Regis D/Desktop/Beauty-Aesthetic-Appointment-System/vendor/laravel/framework/src/Illuminate/Pipeline/Pipeline.php(219): Illuminate/Foundation/Http/Middleware/PreventRequestsDuringMaintenance->handle()
#23 C:/Users/Regis D/Desktop/Beauty-Aesthetic-Appointment-System/vendor/laravel/framework/src/Illuminate/Http/Middleware/HandleCors.php(61): Illuminate/Pipeline/Pipeline->{closure:{closure:Illuminate/Pipeline/Pipeline::carry():194}:195}()
#24 C:/Users/Regis D/Desktop/Beauty-Aesthetic-Appointment-System/vendor/laravel/framework/src/Illuminate/Pipeline/Pipeline.php(219): Illuminate/Http/Middleware/HandleCors->handle()
#25 C:/Users/Regis D/Desktop/Beauty-Aesthetic-Appointment-System/vendor/laravel/framework/src/Illuminate/Http/Middleware/TrustProxies.php(58): Illuminate/Pipeline/Pipeline->{closure:{closure:Illuminate/Pipeline/Pipeline::carry():194}:195}()
#26 C:/Users/Regis D/Desktop/Beauty-Aesthetic-Appointment-System/vendor/laravel/framework/src/Illuminate/Pipeline/Pipeline.php(219): Illuminate/Http/Middleware/TrustProxies->handle()
#27 C:/Users/Regis D/Desktop/Beauty-Aesthetic-Appointment-System/vendor/laravel/framework/src/Illuminate/Foundation/Http/Middleware/InvokeDeferredCallbacks.php(22): Illuminate/Pipeline/Pipeline->{closure:{closure:Illuminate/Pipeline/Pipeline::carry():194}:195}()
#28 C:/Users/Regis D/Desktop/Beauty-Aesthetic-Appointment-System/vendor/laravel/framework/src/Illuminate/Pipeline/Pipeline.php(219): Illuminate/Foundation/Http/Middleware/InvokeDeferredCallbacks->handle()
#29 C:/Users/Regis D/Desktop/Beauty-Aesthetic-Appointment-System/vendor/laravel/framework/src/Illuminate/Http/Middleware/ValidatePathEncoding.php(28): Illuminate/Pipeline/Pipeline->{closure:{closure:Illuminate/Pipeline/Pipeline::carry():194}:195}()
#30 C:/Users/Regis D/Desktop/Beauty-Aesthetic-Appointment-System/vendor/laravel/framework/src/Illuminate/Pipeline/Pipeline.php(219): Illuminate/Http/Middleware/ValidatePathEncoding->handle()
#31 C:/Users/Regis D/Desktop/Beauty-Aesthetic-Appointment-System/vendor/laravel/framework/src/Illuminate/Pipeline/Pipeline.php(137): Illuminate/Pipeline/Pipeline->{closure:{closure:Illuminate/Pipeline/Pipeline::carry():194}:195}()
#32 C:/Users/Regis D/Desktop/Beauty-Aesthetic-Appointment-System/vendor/laravel/framework/src/Illuminate/Foundation/Http/Kernel.php(175): Illuminate/Pipeline/Pipeline->then()
#33 C:/Users/Regis D/Desktop/Beauty-Aesthetic-Appointment-System/vendor/laravel/framework/src/Illuminate/Foundation/Http/Kernel.php(144): Illuminate/Foundation/Http/Kernel->sendRequestThroughRouter()
#34 C:/Users/Regis D/Desktop/Beauty-Aesthetic-Appointment-System/vendor/laravel/framework/src/Illuminate/Foundation/Application.php(1227): Illuminate/Foundation/Http/Kernel->handle()
#35 C:/Users/Regis D/Desktop/Beauty-Aesthetic-Appointment-System/public/index.php(9): Illuminate/Foundation/Application->handleRequest()
#36 C:/Users/Regis D/Desktop/Beauty-Aesthetic-Appointment-System/vendor/laravel/framework/src/Illuminate/Foundation/resources/server.php(23): require_once('...')
#37 {main}
"} 
[2026-09-27 10:25:11] production.ERROR: Class "App\Http\Controllers\Controller" not found {"exception":"[object] (Error(code: 0): Class \"App\\Http\\Controllers\\Controller\" not found at C:/Users/Regis D/Desktop/Beauty-Aesthetic-Appointment-System/app/Http/Controllers/HomeController.php:7)
[stacktrace]
#0 C:/Users/Regis D/Desktop/Beauty-Aesthetic-Appointment-System/vendor/composer/ClassLoader.php(576): include()
#1 C:/Users/Regis D/Desktop/Beauty-Aesthetic-Appointment-System/vendor/composer/ClassLoader.php(427): {closure:Composer/Autoload/ClassLoader::initializeIncludeClosure():575}()
#2 [internal function]: Composer/Autoload/ClassLoader->loadClass()
#3 C:/Users/Regis D/Desktop/Beauty-Aesthetic-Appointment-System/vendor/laravel/framework/src/Illuminate/Routing/Route.php(1247): ReflectionClass->__construct()
#4 C:/Users/Regis D/Desktop/Beauty-Aesthetic-Appointment-System/vendor/laravel/framework/src/Illuminate/Routing/Route.php(1234): Illuminate/Routing/Route->attributeProvidedControllerMiddlewareExclusions()
#5 C:/Users/Regis D/Desktop/Beauty-Aesthetic-Appointment-System/vendor/laravel/framework/src/Illuminate/Routing/Route.php(1307): Illuminate/Routing/Route->excludedControllerMiddleware()
#6 C:/Users/Regis D/Desktop/Beauty-Aesthetic-Appointment-System/vendor/laravel/framework/src/Illuminate/Routing/Router.php(834): Illuminate/Routing/Route->excludedMiddleware()
#7 C:/Users/Regis D/Desktop/Beauty-Aesthetic-Appointment-System/vendor/laravel/framework/src/Illuminate/Foundation/Http/Kernel.php(307): Illuminate/Routing/Router->gatherRouteMiddleware()
#8 C:/Users/Regis D/Desktop/Beauty-Aesthetic-Appointment-System/vendor/laravel/framework/src/Illuminate/Foundation/Http/Kernel.php(246): Illuminate/Foundation/Http/Kernel->gatherRouteMiddleware()
#9 C:/Users/Regis D/Desktop/Beauty-Aesthetic-Appointment-System/vendor/laravel/framework/src/Illuminate/Foundation/Http/Kernel.php(215): Illuminate/Foundation/Http/Kernel->terminateMiddleware()
#10 C:/Users/Regis D/Desktop/Beauty-Aesthetic-Appointment-System/vendor/laravel/framework/src/Illuminate/Foundation/Application.php(1229): Illuminate/Foundation/Http/Kernel->terminate()
#11 C:/Users/Regis D/Desktop/Beauty-Aesthetic-Appointment-System/public/index.php(9): Illuminate/Foundation/Application->handleRequest()
#12 C:/Users/Regis D/Desktop/Beauty-Aesthetic-Appointment-System/vendor/laravel/framework/src/Illuminate/Foundation/resources/server.php(23): require_once('...')
#13 {main}
"} 
[2026-09-27 10:25:11] production.ERROR: Uncaught ErrorException: Cannot modify header information - headers already sent by (output started at C:\Users\Regis D\Desktop\Beauty-Aesthetic-Appointment-System\vendor\symfony\http-foundation\Response.php:393) in C:\Users\Regis D\Desktop\Beauty-Aesthetic-Appointment-System\vendor\symfony\http-foundation\Response.php:328
Stack trace:
#0 C:\Users\Regis D\Desktop\Beauty-Aesthetic-Appointment-System\vendor\laravel\framework\src\Illuminate\Foundation\Bootstrap\HandleExceptions.php(265): Illuminate\Foundation\Bootstrap\HandleExceptions->handleError()
#1 [internal function]: Illuminate\Foundation\Bootstrap\HandleExceptions->{closure:Illuminate\Foundation\Bootstrap\HandleExceptions::forwardsTo():264}()
#2 C:\Users\Regis D\Desktop\Beauty-Aesthetic-Appointment-System\vendor\symfony\http-foundation\Response.php(328): header()
#3 C:\Users\Regis D\Desktop\Beauty-Aesthetic-Appointment-System\vendor\symfony\http-foundation\Response.php(407): Symfony\Component\HttpFoundation\Response->sendHeaders()
#4 C:\Users\Regis D\Desktop\Beauty-Aesthetic-Appointment-System\vendor\laravel\framework\src\Illuminate\Foundation\Bootstrap\HandleExceptions.php(228): Symfony\Component\HttpFoundation\Response->send()
#5 C:\Users\Regis D\Desktop\Beauty-Aesthetic-Appointment-System\vendor\laravel\framework\src\Illuminate\Foundation\Bootstrap\HandleExceptions.php(205): Illuminate\Foundation\Bootstrap\HandleExceptions->renderHttpResponse()
#6 C:\Users\Regis D\Desktop\Beauty-Aesthetic-Appointment-System\vendor\laravel\framework\src\Illuminate\Foundation\Bootstrap\HandleExceptions.php(265): Illuminate\Foundation\Bootstrap\HandleExceptions->handleException()
#7 [internal function]: Illuminate\Foundation\Bootstrap\HandleExceptions->{closure:Illuminate\Foundation\Bootstrap\HandleExceptions::forwardsTo():264}()
#8 {main}
  thrown {"exception":"[object] (Symfony\\Component\\ErrorHandler\\Error\\FatalError(code: 0): Uncaught ErrorException: Cannot modify header information - headers already sent by (output started at C:\\Users\\Regis D\\Desktop\\Beauty-Aesthetic-Appointment-System\\vendor\\symfony\\http-foundation\\Response.php:393) in C:\\Users\\Regis D\\Desktop\\Beauty-Aesthetic-Appointment-System\\vendor\\symfony\\http-foundation\\Response.php:328
Stack trace:
#0 C:\\Users\\Regis D\\Desktop\\Beauty-Aesthetic-Appointment-System\\vendor\\laravel\\framework\\src\\Illuminate\\Foundation\\Bootstrap\\HandleExceptions.php(265): Illuminate\\Foundation\\Bootstrap\\HandleExceptions->handleError()
#1 [internal function]: Illuminate\\Foundation\\Bootstrap\\HandleExceptions->{closure:Illuminate\\Foundation\\Bootstrap\\HandleExceptions::forwardsTo():264}()
#2 C:\\Users\\Regis D\\Desktop\\Beauty-Aesthetic-Appointment-System\\vendor\\symfony\\http-foundation\\Response.php(328): header()
#3 C:\\Users\\Regis D\\Desktop\\Beauty-Aesthetic-Appointment-System\\vendor\\symfony\\http-foundation\\Response.php(407): Symfony\\Component\\HttpFoundation\\Response->sendHeaders()
#4 C:\\Users\\Regis D\\Desktop\\Beauty-Aesthetic-Appointment-System\\vendor\\laravel\\framework\\src\\Illuminate\\Foundation\\Bootstrap\\HandleExceptions.php(228): Symfony\\Component\\HttpFoundation\\Response->send()
#5 C:\\Users\\Regis D\\Desktop\\Beauty-Aesthetic-Appointment-System\\vendor\\laravel\\framework\\src\\Illuminate\\Foundation\\Bootstrap\\HandleExceptions.php(205): Illuminate\\Foundation\\Bootstrap\\HandleExceptions->renderHttpResponse()
#6 C:\\Users\\Regis D\\Desktop\\Beauty-Aesthetic-Appointment-System\\vendor\\laravel\\framework\\src\\Illuminate\\Foundation\\Bootstrap\\HandleExceptions.php(265): Illuminate\\Foundation\\Bootstrap\\HandleExceptions->handleException()
#7 [internal function]: Illuminate\\Foundation\\Bootstrap\\HandleExceptions->{closure:Illuminate\\Foundation\\Bootstrap\\HandleExceptions::forwardsTo():264}()
#8 {main}
  thrown at C:/Users/Regis D/Desktop/Beauty-Aesthetic-Appointment-System/vendor/symfony/http-foundation/Response.php:328)
[stacktrace]
#0 {main}
"} 
[2026-09-27 10:40:05] local.ERROR: Class "App\Http\Controllers\Controller" not found {"exception":"[object] (Error(code: 0): Class \"App\\Http\\Controllers\\Controller\" not found at C:/Users/Regis D/Desktop/Beauty-Aesthetic-Appointment-System/app/Http/Controllers/HomeController.php:7)
[stacktrace]
#0 C:/Users/Regis D/Desktop/Beauty-Aesthetic-Appointment-System/vendor/composer/ClassLoader.php(576): include()
#1 C:/Users/Regis D/Desktop/Beauty-Aesthetic-Appointment-System/vendor/composer/ClassLoader.php(427): {closure:Composer/Autoload/ClassLoader::initializeIncludeClosure():575}()
#2 [internal function]: Composer/Autoload/ClassLoader->loadClass()
#3 C:/Users/Regis D/Desktop/Beauty-Aesthetic-Appointment-System/vendor/laravel/framework/src/Illuminate/Routing/Route.php(1182): ReflectionClass->__construct()
#4 C:/Users/Regis D/Desktop/Beauty-Aesthetic-Appointment-System/vendor/laravel/framework/src/Illuminate/Routing/Route.php(1132): Illuminate/Routing/Route->attributeProvidedControllerMiddleware()
#5 C:/Users/Regis D/Desktop/Beauty-Aesthetic-Appointment-System/vendor/laravel/framework/src/Illuminate/Routing/Route.php(1069): Illuminate/Routing/Route->controllerMiddleware()
#6 C:/Users/Regis D/Desktop/Beauty-Aesthetic-Appointment-System/vendor/laravel/framework/src/Illuminate/Routing/Router.php(834): Illuminate/Routing/Route->gatherMiddleware()
#7 C:/Users/Regis D/Desktop/Beauty-Aesthetic-Appointment-System/vendor/laravel/framework/src/Illuminate/Routing/Router.php(816): Illuminate/Routing/Router->gatherRouteMiddleware()
#8 C:/Users/Regis D/Desktop/Beauty-Aesthetic-Appointment-System/vendor/laravel/framework/src/Illuminate/Routing/Router.php(800): Illuminate/Routing/Router->runRouteWithinStack()
#9 C:/Users/Regis D/Desktop/Beauty-Aesthetic-Appointment-System/vendor/laravel/framework/src/Illuminate/Routing/Router.php(764): Illuminate/Routing/Router->runRoute()
#10 C:/Users/Regis D/Desktop/Beauty-Aesthetic-Appointment-System/vendor/laravel/framework/src/Illuminate/Routing/Router.php(753): Illuminate/Routing/Router->dispatchToRoute()
#11 C:/Users/Regis D/Desktop/Beauty-Aesthetic-Appointment-System/vendor/laravel/framework/src/Illuminate/Foundation/Http/Kernel.php(200): Illuminate/Routing/Router->dispatch()
#12 C:/Users/Regis D/Desktop/Beauty-Aesthetic-Appointment-System/vendor/laravel/framework/src/Illuminate/Pipeline/Pipeline.php(180): Illuminate/Foundation/Http/Kernel->{closure:Illuminate/Foundation/Http/Kernel::dispatchToRouter():197}()
#13 C:/Users/Regis D/Desktop/Beauty-Aesthetic-Appointment-System/vendor/laravel/framework/src/Illuminate/Foundation/Http/Middleware/TransformsRequest.php(21): Illuminate/Pipeline/Pipeline->{closure:Illuminate/Pipeline/Pipeline::prepareDestination():178}()
#14 C:/Users/Regis D/Desktop/Beauty-Aesthetic-Appointment-System/vendor/laravel/framework/src/Illuminate/Foundation/Http/Middleware/ConvertEmptyStringsToNull.php(31): Illuminate/Foundation/Http/Middleware/TransformsRequest->handle()
#15 C:/Users/Regis D/Desktop/Beauty-Aesthetic-Appointment-System/vendor/laravel/framework/src/Illuminate/Pipeline/Pipeline.php(219): Illuminate/Foundation/Http/Middleware/ConvertEmptyStringsToNull->handle()
#16 C:/Users/Regis D/Desktop/Beauty-Aesthetic-Appointment-System/vendor/laravel/framework/src/Illuminate/Foundation/Http/Middleware/TransformsRequest.php(21): Illuminate/Pipeline/Pipeline->{closure:{closure:Illuminate/Pipeline/Pipeline::carry():194}:195}()
#17 C:/Users/Regis D/Desktop/Beauty-Aesthetic-Appointment-System/vendor/laravel/framework/src/Illuminate/Foundation/Http/Middleware/TrimStrings.php(51): Illuminate/Foundation/Http/Middleware/TransformsRequest->handle()
#18 C:/Users/Regis D/Desktop/Beauty-Aesthetic-Appointment-System/vendor/laravel/framework/src/Illuminate/Pipeline/Pipeline.php(219): Illuminate/Foundation/Http/Middleware/TrimStrings->handle()
#19 C:/Users/Regis D/Desktop/Beauty-Aesthetic-Appointment-System/vendor/laravel/framework/src/Illuminate/Http/Middleware/ValidatePostSize.php(27): Illuminate/Pipeline/Pipeline->{closure:{closure:Illuminate/Pipeline/Pipeline::carry():194}:195}()
#20 C:/Users/Regis D/Desktop/Beauty-Aesthetic-Appointment-System/vendor/laravel/framework/src/Illuminate/Pipeline/Pipeline.php(219): Illuminate/Http/Middleware/ValidatePostSize->handle()
#21 C:/Users/Regis D/Desktop/Beauty-Aesthetic-Appointment-System/vendor/laravel/framework/src/Illuminate/Foundation/Http/Middleware/PreventRequestsDuringMaintenance.php(110): Illuminate/Pipeline/Pipeline->{closure:{closure:Illuminate/Pipeline/Pipeline::carry():194}:195}()
#22 C:/Users/Regis D/Desktop/Beauty-Aesthetic-Appointment-System/vendor/laravel/framework/src/Illuminate/Pipeline/Pipeline.php(219): Illuminate/Foundation/Http/Middleware/PreventRequestsDuringMaintenance->handle()
#23 C:/Users/Regis D/Desktop/Beauty-Aesthetic-Appointment-System/vendor/laravel/framework/src/Illuminate/Http/Middleware/HandleCors.php(61): Illuminate/Pipeline/Pipeline->{closure:{closure:Illuminate/Pipeline/Pipeline::carry():194}:195}()
#24 C:/Users/Regis D/Desktop/Beauty-Aesthetic-Appointment-System/vendor/laravel/framework/src/Illuminate/Pipeline/Pipeline.php(219): Illuminate/Http/Middleware/HandleCors->handle()
#25 C:/Users/Regis D/Desktop/Beauty-Aesthetic-Appointment-System/vendor/laravel/framework/src/Illuminate/Http/Middleware/TrustProxies.php(58): Illuminate/Pipeline/Pipeline->{closure:{closure:Illuminate/Pipeline/Pipeline::carry():194}:195}()
#26 C:/Users/Regis D/Desktop/Beauty-Aesthetic-Appointment-System/vendor/laravel/framework/src/Illuminate/Pipeline/Pipeline.php(219): Illuminate/Http/Middleware/TrustProxies->handle()
#27 C:/Users/Regis D/Desktop/Beauty-Aesthetic-Appointment-System/vendor/laravel/framework/src/Illuminate/Foundation/Http/Middleware/InvokeDeferredCallbacks.php(22): Illuminate/Pipeline/Pipeline->{closure:{closure:Illuminate/Pipeline/Pipeline::carry():194}:195}()
#28 C:/Users/Regis D/Desktop/Beauty-Aesthetic-Appointment-System/vendor/laravel/framework/src/Illuminate/Pipeline/Pipeline.php(219): Illuminate/Foundation/Http/Middleware/InvokeDeferredCallbacks->handle()
#29 C:/Users/Regis D/Desktop/Beauty-Aesthetic-Appointment-System/vendor/laravel/framework/src/Illuminate/Http/Middleware/ValidatePathEncoding.php(28): Illuminate/Pipeline/Pipeline->{closure:{closure:Illuminate/Pipeline/Pipeline::carry():194}:195}()
#30 C:/Users/Regis D/Desktop/Beauty-Aesthetic-Appointment-System/vendor/laravel/framework/src/Illuminate/Pipeline/Pipeline.php(219): Illuminate/Http/Middleware/ValidatePathEncoding->handle()
#31 C:/Users/Regis D/Desktop/Beauty-Aesthetic-Appointment-System/vendor/laravel/framework/src/Illuminate/Pipeline/Pipeline.php(137): Illuminate/Pipeline/Pipeline->{closure:{closure:Illuminate/Pipeline/Pipeline::carry():194}:195}()
#32 C:/Users/Regis D/Desktop/Beauty-Aesthetic-Appointment-System/vendor/laravel/framework/src/Illuminate/Foundation/Http/Kernel.php(175): Illuminate/Pipeline/Pipeline->then()
#33 C:/Users/Regis D/Desktop/Beauty-Aesthetic-Appointment-System/vendor/laravel/framework/src/Illuminate/Foundation/Http/Kernel.php(144): Illuminate/Foundation/Http/Kernel->sendRequestThroughRouter()
#34 C:/Users/Regis D/Desktop/Beauty-Aesthetic-Appointment-System/vendor/laravel/framework/src/Illuminate/Foundation/Application.php(1227): Illuminate/Foundation/Http/Kernel->handle()
#35 C:/Users/Regis D/Desktop/Beauty-Aesthetic-Appointment-System/public/index.php(9): Illuminate/Foundation/Application->handleRequest()
#36 C:/Users/Regis D/Desktop/Beauty-Aesthetic-Appointment-System/vendor/laravel/framework/src/Illuminate/Foundation/resources/server.php(23): require_once('...')
#37 {main}
"} 
[2026-09-27 10:40:08] local.ERROR: Class "App\Http\Controllers\Controller" not found {"exception":"[object] (Error(code: 0): Class \"App\\Http\\Controllers\\Controller\" not found at C:/Users/Regis D/Desktop/Beauty-Aesthetic-Appointment-System/app/Http/Controllers/HomeController.php:7)
[stacktrace]
#0 C:/Users/Regis D/Desktop/Beauty-Aesthetic-Appointment-System/vendor/composer/ClassLoader.php(576): include()
#1 C:/Users/Regis D/Desktop/Beauty-Aesthetic-Appointment-System/vendor/composer/ClassLoader.php(427): {closure:Composer/Autoload/ClassLoader::initializeIncludeClosure():575}()
#2 [internal function]: Composer/Autoload/ClassLoader->loadClass()
#3 C:/Users/Regis D/Desktop/Beauty-Aesthetic-Appointment-System/vendor/laravel/framework/src/Illuminate/Routing/Route.php(1247): ReflectionClass->__construct()
#4 C:/Users/Regis D/Desktop/Beauty-Aesthetic-Appointment-System/vendor/laravel/framework/src/Illuminate/Routing/Route.php(1234): Illuminate/Routing/Route->attributeProvidedControllerMiddlewareExclusions()
#5 C:/Users/Regis D/Desktop/Beauty-Aesthetic-Appointment-System/vendor/laravel/framework/src/Illuminate/Routing/Route.php(1307): Illuminate/Routing/Route->excludedControllerMiddleware()
#6 C:/Users/Regis D/Desktop/Beauty-Aesthetic-Appointment-System/vendor/laravel/framework/src/Illuminate/Routing/Router.php(834): Illuminate/Routing/Route->excludedMiddleware()
#7 C:/Users/Regis D/Desktop/Beauty-Aesthetic-Appointment-System/vendor/laravel/framework/src/Illuminate/Foundation/Http/Kernel.php(307): Illuminate/Routing/Router->gatherRouteMiddleware()
#8 C:/Users/Regis D/Desktop/Beauty-Aesthetic-Appointment-System/vendor/laravel/framework/src/Illuminate/Foundation/Http/Kernel.php(246): Illuminate/Foundation/Http/Kernel->gatherRouteMiddleware()
#9 C:/Users/Regis D/Desktop/Beauty-Aesthetic-Appointment-System/vendor/laravel/framework/src/Illuminate/Foundation/Http/Kernel.php(215): Illuminate/Foundation/Http/Kernel->terminateMiddleware()
#10 C:/Users/Regis D/Desktop/Beauty-Aesthetic-Appointment-System/vendor/laravel/framework/src/Illuminate/Foundation/Application.php(1229): Illuminate/Foundation/Http/Kernel->terminate()
#11 C:/Users/Regis D/Desktop/Beauty-Aesthetic-Appointment-System/public/index.php(9): Illuminate/Foundation/Application->handleRequest()
#12 C:/Users/Regis D/Desktop/Beauty-Aesthetic-Appointment-System/vendor/laravel/framework/src/Illuminate/Foundation/resources/server.php(23): require_once('...')
#13 {main}
"} 
[2026-09-27 10:40:11] local.ERROR: Uncaught ErrorException: Cannot modify header information - headers already sent by (output started at C:\Users\Regis D\Desktop\Beauty-Aesthetic-Appointment-System\vendor\symfony\http-foundation\Response.php:393) in C:\Users\Regis D\Desktop\Beauty-Aesthetic-Appointment-System\vendor\symfony\http-foundation\Response.php:328
Stack trace:
#0 C:\Users\Regis D\Desktop\Beauty-Aesthetic-Appointment-System\vendor\laravel\framework\src\Illuminate\Foundation\Bootstrap\HandleExceptions.php(265): Illuminate\Foundation\Bootstrap\HandleExceptions->handleError()
#1 [internal function]: Illuminate\Foundation\Bootstrap\HandleExceptions->{closure:Illuminate\Foundation\Bootstrap\HandleExceptions::forwardsTo():264}()
#2 C:\Users\Regis D\Desktop\Beauty-Aesthetic-Appointment-System\vendor\symfony\http-foundation\Response.php(328): header()
#3 C:\Users\Regis D\Desktop\Beauty-Aesthetic-Appointment-System\vendor\symfony\http-foundation\Response.php(407): Symfony\Component\HttpFoundation\Response->sendHeaders()
#4 C:\Users\Regis D\Desktop\Beauty-Aesthetic-Appointment-System\vendor\laravel\framework\src\Illuminate\Foundation\Bootstrap\HandleExceptions.php(228): Symfony\Component\HttpFoundation\Response->send()
#5 C:\Users\Regis D\Desktop\Beauty-Aesthetic-Appointment-System\vendor\laravel\framework\src\Illuminate\Foundation\Bootstrap\HandleExceptions.php(205): Illuminate\Foundation\Bootstrap\HandleExceptions->renderHttpResponse()
#6 C:\Users\Regis D\Desktop\Beauty-Aesthetic-Appointment-System\vendor\laravel\framework\src\Illuminate\Foundation\Bootstrap\HandleExceptions.php(265): Illuminate\Foundation\Bootstrap\HandleExceptions->handleException()
#7 [internal function]: Illuminate\Foundation\Bootstrap\HandleExceptions->{closure:Illuminate\Foundation\Bootstrap\HandleExceptions::forwardsTo():264}()
#8 {main}
  thrown {"exception":"[object] (Symfony\\Component\\ErrorHandler\\Error\\FatalError(code: 0): Uncaught ErrorException: Cannot modify header information - headers already sent by (output started at C:\\Users\\Regis D\\Desktop\\Beauty-Aesthetic-Appointment-System\\vendor\\symfony\\http-foundation\\Response.php:393) in C:\\Users\\Regis D\\Desktop\\Beauty-Aesthetic-Appointment-System\\vendor\\symfony\\http-foundation\\Response.php:328
Stack trace:
#0 C:\\Users\\Regis D\\Desktop\\Beauty-Aesthetic-Appointment-System\\vendor\\laravel\\framework\\src\\Illuminate\\Foundation\\Bootstrap\\HandleExceptions.php(265): Illuminate\\Foundation\\Bootstrap\\HandleExceptions->handleError()
#1 [internal function]: Illuminate\\Foundation\\Bootstrap\\HandleExceptions->{closure:Illuminate\\Foundation\\Bootstrap\\HandleExceptions::forwardsTo():264}()
#2 C:\\Users\\Regis D\\Desktop\\Beauty-Aesthetic-Appointment-System\\vendor\\symfony\\http-foundation\\Response.php(328): header()
#3 C:\\Users\\Regis D\\Desktop\\Beauty-Aesthetic-Appointment-System\\vendor\\symfony\\http-foundation\\Response.php(407): Symfony\\Component\\HttpFoundation\\Response->sendHeaders()
#4 C:\\Users\\Regis D\\Desktop\\Beauty-Aesthetic-Appointment-System\\vendor\\laravel\\framework\\src\\Illuminate\\Foundation\\Bootstrap\\HandleExceptions.php(228): Symfony\\Component\\HttpFoundation\\Response->send()
#5 C:\\Users\\Regis D\\Desktop\\Beauty-Aesthetic-Appointment-System\\vendor\\laravel\\framework\\src\\Illuminate\\Foundation\\Bootstrap\\HandleExceptions.php(205): Illuminate\\Foundation\\Bootstrap\\HandleExceptions->renderHttpResponse()
#6 C:\\Users\\Regis D\\Desktop\\Beauty-Aesthetic-Appointment-System\\vendor\\laravel\\framework\\src\\Illuminate\\Foundation\\Bootstrap\\HandleExceptions.php(265): Illuminate\\Foundation\\Bootstrap\\HandleExceptions->handleException()
#7 [internal function]: Illuminate\\Foundation\\Bootstrap\\HandleExceptions->{closure:Illuminate\\Foundation\\Bootstrap\\HandleExceptions::forwardsTo():264}()
#8 {main}
  thrown at C:/Users/Regis D/Desktop/Beauty-Aesthetic-Appointment-System/vendor/symfony/http-foundation/Response.php:328)
[stacktrace]
#0 {main}
"} 
[2026-09-27 10:43:28] local.ERROR: Class "App\Http\Controllers\Controller" not found {"exception":"[object] (Error(code: 0): Class \"App\\Http\\Controllers\\Controller\" not found at C:/Users/Regis D/Desktop/Beauty-Aesthetic-Appointment-System/app/Http/Controllers/HomeController.php:7)
[stacktrace]
#0 C:/Users/Regis D/Desktop/Beauty-Aesthetic-Appointment-System/vendor/composer/ClassLoader.php(576): include()
#1 C:/Users/Regis D/Desktop/Beauty-Aesthetic-Appointment-System/vendor/composer/ClassLoader.php(427): {closure:Composer/Autoload/ClassLoader::initializeIncludeClosure():575}()
#2 [internal function]: Composer/Autoload/ClassLoader->loadClass()
#3 C:/Users/Regis D/Desktop/Beauty-Aesthetic-Appointment-System/vendor/laravel/framework/src/Illuminate/Routing/Route.php(1182): ReflectionClass->__construct()
#4 C:/Users/Regis D/Desktop/Beauty-Aesthetic-Appointment-System/vendor/laravel/framework/src/Illuminate/Routing/Route.php(1132): Illuminate/Routing/Route->attributeProvidedControllerMiddleware()
#5 C:/Users/Regis D/Desktop/Beauty-Aesthetic-Appointment-System/vendor/laravel/framework/src/Illuminate/Routing/Route.php(1069): Illuminate/Routing/Route->controllerMiddleware()
#6 C:/Users/Regis D/Desktop/Beauty-Aesthetic-Appointment-System/vendor/laravel/framework/src/Illuminate/Routing/Router.php(834): Illuminate/Routing/Route->gatherMiddleware()
#7 C:/Users/Regis D/Desktop/Beauty-Aesthetic-Appointment-System/vendor/laravel/framework/src/Illuminate/Routing/Router.php(816): Illuminate/Routing/Router->gatherRouteMiddleware()
#8 C:/Users/Regis D/Desktop/Beauty-Aesthetic-Appointment-System/vendor/laravel/framework/src/Illuminate/Routing/Router.php(800): Illuminate/Routing/Router->runRouteWithinStack()
#9 C:/Users/Regis D/Desktop/Beauty-Aesthetic-Appointment-System/vendor/laravel/framework/src/Illuminate/Routing/Router.php(764): Illuminate/Routing/Router->runRoute()
#10 C:/Users/Regis D/Desktop/Beauty-Aesthetic-Appointment-System/vendor/laravel/framework/src/Illuminate/Routing/Router.php(753): Illuminate/Routing/Router->dispatchToRoute()
#11 C:/Users/Regis D/Desktop/Beauty-Aesthetic-Appointment-System/vendor/laravel/framework/src/Illuminate/Foundation/Http/Kernel.php(200): Illuminate/Routing/Router->dispatch()
#12 C:/Users/Regis D/Desktop/Beauty-Aesthetic-Appointment-System/vendor/laravel/framework/src/Illuminate/Pipeline/Pipeline.php(180): Illuminate/Foundation/Http/Kernel->{closure:Illuminate/Foundation/Http/Kernel::dispatchToRouter():197}()
#13 C:/Users/Regis D/Desktop/Beauty-Aesthetic-Appointment-System/vendor/laravel/framework/src/Illuminate/Foundation/Http/Middleware/TransformsRequest.php(21): Illuminate/Pipeline/Pipeline->{closure:Illuminate/Pipeline/Pipeline::prepareDestination():178}()
#14 C:/Users/Regis D/Desktop/Beauty-Aesthetic-Appointment-System/vendor/laravel/framework/src/Illuminate/Foundation/Http/Middleware/ConvertEmptyStringsToNull.php(31): Illuminate/Foundation/Http/Middleware/TransformsRequest->handle()
#15 C:/Users/Regis D/Desktop/Beauty-Aesthetic-Appointment-System/vendor/laravel/framework/src/Illuminate/Pipeline/Pipeline.php(219): Illuminate/Foundation/Http/Middleware/ConvertEmptyStringsToNull->handle()
#16 C:/Users/Regis D/Desktop/Beauty-Aesthetic-Appointment-System/vendor/laravel/framework/src/Illuminate/Foundation/Http/Middleware/TransformsRequest.php(21): Illuminate/Pipeline/Pipeline->{closure:{closure:Illuminate/Pipeline/Pipeline::carry():194}:195}()
#17 C:/Users/Regis D/Desktop/Beauty-Aesthetic-Appointment-System/vendor/laravel/framework/src/Illuminate/Foundation/Http/Middleware/TrimStrings.php(51): Illuminate/Foundation/Http/Middleware/TransformsRequest->handle()
#18 C:/Users/Regis D/Desktop/Beauty-Aesthetic-Appointment-System/vendor/laravel/framework/src/Illuminate/Pipeline/Pipeline.php(219): Illuminate/Foundation/Http/Middleware/TrimStrings->handle()
#19 C:/Users/Regis D/Desktop/Beauty-Aesthetic-Appointment-System/vendor/laravel/framework/src/Illuminate/Http/Middleware/ValidatePostSize.php(27): Illuminate/Pipeline/Pipeline->{closure:{closure:Illuminate/Pipeline/Pipeline::carry():194}:195}()
#20 C:/Users/Regis D/Desktop/Beauty-Aesthetic-Appointment-System/vendor/laravel/framework/src/Illuminate/Pipeline/Pipeline.php(219): Illuminate/Http/Middleware/ValidatePostSize->handle()
#21 C:/Users/Regis D/Desktop/Beauty-Aesthetic-Appointment-System/vendor/laravel/framework/src/Illuminate/Foundation/Http/Middleware/PreventRequestsDuringMaintenance.php(110): Illuminate/Pipeline/Pipeline->{closure:{closure:Illuminate/Pipeline/Pipeline::carry():194}:195}()
#22 C:/Users/Regis D/Desktop/Beauty-Aesthetic-Appointment-System/vendor/laravel/framework/src/Illuminate/Pipeline/Pipeline.php(219): Illuminate/Foundation/Http/Middleware/PreventRequestsDuringMaintenance->handle()
#23 C:/Users/Regis D/Desktop/Beauty-Aesthetic-Appointment-System/vendor/laravel/framework/src/Illuminate/Http/Middleware/HandleCors.php(61): Illuminate/Pipeline/Pipeline->{closure:{closure:Illuminate/Pipeline/Pipeline::carry():194}:195}()
#24 C:/Users/Regis D/Desktop/Beauty-Aesthetic-Appointment-System/vendor/laravel/framework/src/Illuminate/Pipeline/Pipeline.php(219): Illuminate/Http/Middleware/HandleCors->handle()
#25 C:/Users/Regis D/Desktop/Beauty-Aesthetic-Appointment-System/vendor/laravel/framework/src/Illuminate/Http/Middleware/TrustProxies.php(58): Illuminate/Pipeline/Pipeline->{closure:{closure:Illuminate/Pipeline/Pipeline::carry():194}:195}()
#26 C:/Users/Regis D/Desktop/Beauty-Aesthetic-Appointment-System/vendor/laravel/framework/src/Illuminate/Pipeline/Pipeline.php(219): Illuminate/Http/Middleware/TrustProxies->handle()
#27 C:/Users/Regis D/Desktop/Beauty-Aesthetic-Appointment-System/vendor/laravel/framework/src/Illuminate/Foundation/Http/Middleware/InvokeDeferredCallbacks.php(22): Illuminate/Pipeline/Pipeline->{closure:{closure:Illuminate/Pipeline/Pipeline::carry():194}:195}()
#28 C:/Users/Regis D/Desktop/Beauty-Aesthetic-Appointment-System/vendor/laravel/framework/src/Illuminate/Pipeline/Pipeline.php(219): Illuminate/Foundation/Http/Middleware/InvokeDeferredCallbacks->handle()
#29 C:/Users/Regis D/Desktop/Beauty-Aesthetic-Appointment-System/vendor/laravel/framework/src/Illuminate/Http/Middleware/ValidatePathEncoding.php(28): Illuminate/Pipeline/Pipeline->{closure:{closure:Illuminate/Pipeline/Pipeline::carry():194}:195}()
#30 C:/Users/Regis D/Desktop/Beauty-Aesthetic-Appointment-System/vendor/laravel/framework/src/Illuminate/Pipeline/Pipeline.php(219): Illuminate/Http/Middleware/ValidatePathEncoding->handle()
#31 C:/Users/Regis D/Desktop/Beauty-Aesthetic-Appointment-System/vendor/laravel/framework/src/Illuminate/Pipeline/Pipeline.php(137): Illuminate/Pipeline/Pipeline->{closure:{closure:Illuminate/Pipeline/Pipeline::carry():194}:195}()
#32 C:/Users/Regis D/Desktop/Beauty-Aesthetic-Appointment-System/vendor/laravel/framework/src/Illuminate/Foundation/Http/Kernel.php(175): Illuminate/Pipeline/Pipeline->then()
#33 C:/Users/Regis D/Desktop/Beauty-Aesthetic-Appointment-System/vendor/laravel/framework/src/Illuminate/Foundation/Http/Kernel.php(144): Illuminate/Foundation/Http/Kernel->sendRequestThroughRouter()
#34 C:/Users/Regis D/Desktop/Beauty-Aesthetic-Appointment-System/vendor/laravel/framework/src/Illuminate/Foundation/Application.php(1227): Illuminate/Foundation/Http/Kernel->handle()
#35 C:/Users/Regis D/Desktop/Beauty-Aesthetic-Appointment-System/public/index.php(9): Illuminate/Foundation/Application->handleRequest()
#36 C:/Users/Regis D/Desktop/Beauty-Aesthetic-Appointment-System/vendor/laravel/framework/src/Illuminate/Foundation/resources/server.php(23): require_once('...')
#37 {main}
"} 
[2026-09-27 10:43:30] local.ERROR: Class "App\Http\Controllers\Controller" not found {"exception":"[object] (Error(code: 0): Class \"App\\Http\\Controllers\\Controller\" not found at C:/Users/Regis D/Desktop/Beauty-Aesthetic-Appointment-System/app/Http/Controllers/HomeController.php:7)
[stacktrace]
#0 C:/Users/Regis D/Desktop/Beauty-Aesthetic-Appointment-System/vendor/composer/ClassLoader.php(576): include()
#1 C:/Users/Regis D/Desktop/Beauty-Aesthetic-Appointment-System/vendor/composer/ClassLoader.php(427): {closure:Composer/Autoload/ClassLoader::initializeIncludeClosure():575}()
#2 [internal function]: Composer/Autoload/ClassLoader->loadClass()
#3 C:/Users/Regis D/Desktop/Beauty-Aesthetic-Appointment-System/vendor/laravel/framework/src/Illuminate/Routing/Route.php(1247): ReflectionClass->__construct()
#4 C:/Users/Regis D/Desktop/Beauty-Aesthetic-Appointment-System/vendor/laravel/framework/src/Illuminate/Routing/Route.php(1234): Illuminate/Routing/Route->attributeProvidedControllerMiddlewareExclusions()
#5 C:/Users/Regis D/Desktop/Beauty-Aesthetic-Appointment-System/vendor/laravel/framework/src/Illuminate/Routing/Route.php(1307): Illuminate/Routing/Route->excludedControllerMiddleware()
#6 C:/Users/Regis D/Desktop/Beauty-Aesthetic-Appointment-System/vendor/laravel/framework/src/Illuminate/Routing/Router.php(834): Illuminate/Routing/Route->excludedMiddleware()
#7 C:/Users/Regis D/Desktop/Beauty-Aesthetic-Appointment-System/vendor/laravel/framework/src/Illuminate/Foundation/Http/Kernel.php(307): Illuminate/Routing/Router->gatherRouteMiddleware()
#8 C:/Users/Regis D/Desktop/Beauty-Aesthetic-Appointment-System/vendor/laravel/framework/src/Illuminate/Foundation/Http/Kernel.php(246): Illuminate/Foundation/Http/Kernel->gatherRouteMiddleware()
#9 C:/Users/Regis D/Desktop/Beauty-Aesthetic-Appointment-System/vendor/laravel/framework/src/Illuminate/Foundation/Http/Kernel.php(215): Illuminate/Foundation/Http/Kernel->terminateMiddleware()
#10 C:/Users/Regis D/Desktop/Beauty-Aesthetic-Appointment-System/vendor/laravel/framework/src/Illuminate/Foundation/Application.php(1229): Illuminate/Foundation/Http/Kernel->terminate()
#11 C:/Users/Regis D/Desktop/Beauty-Aesthetic-Appointment-System/public/index.php(9): Illuminate/Foundation/Application->handleRequest()
#12 C:/Users/Regis D/Desktop/Beauty-Aesthetic-Appointment-System/vendor/laravel/framework/src/Illuminate/Foundation/resources/server.php(23): require_once('...')
#13 {main}
"} 
[2026-09-27 10:43:31] local.ERROR: Uncaught ErrorException: Cannot modify header information - headers already sent by (output started at C:\Users\Regis D\Desktop\Beauty-Aesthetic-Appointment-System\vendor\symfony\http-foundation\Response.php:393) in C:\Users\Regis D\Desktop\Beauty-Aesthetic-Appointment-System\vendor\symfony\http-foundation\Response.php:328
Stack trace:
#0 C:\Users\Regis D\Desktop\Beauty-Aesthetic-Appointment-System\vendor\laravel\framework\src\Illuminate\Foundation\Bootstrap\HandleExceptions.php(265): Illuminate\Foundation\Bootstrap\HandleExceptions->handleError()
#1 [internal function]: Illuminate\Foundation\Bootstrap\HandleExceptions->{closure:Illuminate\Foundation\Bootstrap\HandleExceptions::forwardsTo():264}()
#2 C:\Users\Regis D\Desktop\Beauty-Aesthetic-Appointment-System\vendor\symfony\http-foundation\Response.php(328): header()
#3 C:\Users\Regis D\Desktop\Beauty-Aesthetic-Appointment-System\vendor\symfony\http-foundation\Response.php(407): Symfony\Component\HttpFoundation\Response->sendHeaders()
#4 C:\Users\Regis D\Desktop\Beauty-Aesthetic-Appointment-System\vendor\laravel\framework\src\Illuminate\Foundation\Bootstrap\HandleExceptions.php(228): Symfony\Component\HttpFoundation\Response->send()
#5 C:\Users\Regis D\Desktop\Beauty-Aesthetic-Appointment-System\vendor\laravel\framework\src\Illuminate\Foundation\Bootstrap\HandleExceptions.php(205): Illuminate\Foundation\Bootstrap\HandleExceptions->renderHttpResponse()
#6 C:\Users\Regis D\Desktop\Beauty-Aesthetic-Appointment-System\vendor\laravel\framework\src\Illuminate\Foundation\Bootstrap\HandleExceptions.php(265): Illuminate\Foundation\Bootstrap\HandleExceptions->handleException()
#7 [internal function]: Illuminate\Foundation\Bootstrap\HandleExceptions->{closure:Illuminate\Foundation\Bootstrap\HandleExceptions::forwardsTo():264}()
#8 {main}
  thrown {"exception":"[object] (Symfony\\Component\\ErrorHandler\\Error\\FatalError(code: 0): Uncaught ErrorException: Cannot modify header information - headers already sent by (output started at C:\\Users\\Regis D\\Desktop\\Beauty-Aesthetic-Appointment-System\\vendor\\symfony\\http-foundation\\Response.php:393) in C:\\Users\\Regis D\\Desktop\\Beauty-Aesthetic-Appointment-System\\vendor\\symfony\\http-foundation\\Response.php:328
Stack trace:
#0 C:\\Users\\Regis D\\Desktop\\Beauty-Aesthetic-Appointment-System\\vendor\\laravel\\framework\\src\\Illuminate\\Foundation\\Bootstrap\\HandleExceptions.php(265): Illuminate\\Foundation\\Bootstrap\\HandleExceptions->handleError()
#1 [internal function]: Illuminate\\Foundation\\Bootstrap\\HandleExceptions->{closure:Illuminate\\Foundation\\Bootstrap\\HandleExceptions::forwardsTo():264}()
#2 C:\\Users\\Regis D\\Desktop\\Beauty-Aesthetic-Appointment-System\\vendor\\symfony\\http-foundation\\Response.php(328): header()
#3 C:\\Users\\Regis D\\Desktop\\Beauty-Aesthetic-Appointment-System\\vendor\\symfony\\http-foundation\\Response.php(407): Symfony\\Component\\HttpFoundation\\Response->sendHeaders()
#4 C:\\Users\\Regis D\\Desktop\\Beauty-Aesthetic-Appointment-System\\vendor\\laravel\\framework\\src\\Illuminate\\Foundation\\Bootstrap\\HandleExceptions.php(228): Symfony\\Component\\HttpFoundation\\Response->send()
#5 C:\\Users\\Regis D\\Desktop\\Beauty-Aesthetic-Appointment-System\\vendor\\laravel\\framework\\src\\Illuminate\\Foundation\\Bootstrap\\HandleExceptions.php(205): Illuminate\\Foundation\\Bootstrap\\HandleExceptions->renderHttpResponse()
#6 C:\\Users\\Regis D\\Desktop\\Beauty-Aesthetic-Appointment-System\\vendor\\laravel\\framework\\src\\Illuminate\\Foundation\\Bootstrap\\HandleExceptions.php(265): Illuminate\\Foundation\\Bootstrap\\HandleExceptions->handleException()
#7 [internal function]: Illuminate\\Foundation\\Bootstrap\\HandleExceptions->{closure:Illuminate\\Foundation\\Bootstrap\\HandleExceptions::forwardsTo():264}()
#8 {main}
  thrown at C:/Users/Regis D/Desktop/Beauty-Aesthetic-Appointment-System/vendor/symfony/http-foundation/Response.php:328)
[stacktrace]
#0 {main}
"} 
